#
# There is insufficient memory for the Java Runtime Environment to continue.
# Native memory allocation (malloc) failed to allocate 1048576 bytes. Error detail: AllocateHeap
# Possible reasons:
#   The system is out of physical RAM or swap space
#   This process is running with CompressedOops enabled, and the Java Heap may be blocking the growth of the native heap
# Possible solutions:
#   Reduce memory load on the system
#   Increase physical memory or swap space
#   Check if swap backing store is full
#   Decrease Java heap size (-Xmx/-Xms)
#   Decrease number of Java threads
#   Decrease Java thread stack sizes (-Xss)
#   Set larger code cache with -XX:ReservedCodeCacheSize=
#   JVM is running with Unscaled Compressed Oops mode in which the Java heap is
#     placed in the first 4GB address space. The Java Heap base address is the
#     maximum limit for the native heap growth. Please use -XX:HeapBaseMinAddress
#     to set the Java Heap base and to place the Java Heap above 4GB virtual address.
# This output file may be truncated or incomplete.
#
#  Out of Memory Error (allocation.cpp:44), pid=15892, tid=16960
#
# JRE version: OpenJDK Runtime Environment Temurin-21.0.11+10 (21.0.11+10) (build 21.0.11+10-LTS)
# Java VM: OpenJDK 64-Bit Server VM Temurin-21.0.11+10 (21.0.11+10-LTS, mixed mode, sharing, tiered, compressed oops, compressed class ptrs, parallel gc, windows-amd64)
# No core dump will be written. Minidumps are not enabled by default on client versions of Windows
#

---------------  S U M M A R Y ------------

Command Line: --add-modules=ALL-SYSTEM --add-opens=java.base/java.util=ALL-UNNAMED --add-opens=java.base/java.lang=ALL-UNNAMED --add-opens=java.base/sun.nio.fs=ALL-UNNAMED -Declipse.application=org.eclipse.jdt.ls.core.id1 -Dosgi.bundles.defaultStartLevel=4 -Declipse.product=org.eclipse.jdt.ls.core.product -Djava.import.generatesMetadataFilesAtProjectRoot=false -DDetectVMInstallationsJob.disabled=true -Dfile.encoding=utf8 -XX:+UseParallelGC -XX:GCTimeRatio=4 -XX:AdaptiveSizePolicyWeight=90 -Dsun.zip.disableMemoryMapping=true -Xmx2G -Xms100m -Xlog:disable -javaagent:c:\Users\manue\.vscode\extensions\redhat.java-1.55.0-win32-x64\lombok\lombok-1.18.39-4050.jar -XX:+HeapDumpOnOutOfMemoryError -XX:HeapDumpPath=c:\Users\manue\AppData\Roaming\Code\User\workspaceStorage\abe29cd22234d89367f26a5e71d45dfe\redhat.java -Daether.dependencyCollector.impl=bf c:\Users\manue\.vscode\extensions\redhat.java-1.55.0-win32-x64\server\plugins\org.eclipse.equinox.launcher_1.7.200.v20260619-2039.jar -configuration c:\Users\manue\AppData\Roaming\Code\User\globalStorage\redhat.java\1.55.0\config_win -data c:\Users\manue\AppData\Roaming\Code\User\workspaceStorage\abe29cd22234d89367f26a5e71d45dfe\redhat.java\jdt_ws --pipe=\\.\pipe\lsp-2c00f6ae8fb1e9f6c5ba7544f30b24ca-sock

Host: Intel(R) Core(TM) i3-1005G1 CPU @ 1.20GHz, 4 cores, 7G,  Windows 11 , 64 bit Build 26100 (10.0.26100.9168)
Time: Thu Aug 27 23:32:21 2026 Hora est. Pacífico, Sudamérica elapsed time: 821.389056 seconds (0d 0h 13m 41s)

---------------  T H R E A D  ---------------

Current thread (0x00000289a91e47f0):  JavaThread "Attach Listener" daemon [_thread_in_vm, id=16960, stack(0x000000c8ca400000,0x000000c8ca500000) (1024K)]

Stack: [0x000000c8ca400000,0x000000c8ca500000]
Native frames: (J=compiled Java code, j=interpreted, Vv=VM code, C=native code)
V  [jvm.dll+0x6d7e19]
V  [jvm.dll+0x8b5096]
V  [jvm.dll+0x8b764e]
V  [jvm.dll+0x8b7d33]
V  [jvm.dll+0x284596]
V  [jvm.dll+0xc13c7]
V  [jvm.dll+0x6d86c9]
V  [jvm.dll+0x133616]
V  [jvm.dll+0x3f868e]
V  [jvm.dll+0x85fb0d]
V  [jvm.dll+0x6d664d]
C  [ucrtbase.dll+0x2cd30]
C  [KERNEL32.DLL+0x2ccb7]
C  [ntdll.dll+0xaad6c]


---------------  P R O C E S S  ---------------

Threads class SMR info:
_java_thread_list=0x00000289f1a38d50, length=32, elements={
0x00000289927ed420, 0x00000289928aa830, 0x00000289a91dffd0, 0x00000289a91e3940,
0x00000289a91e47f0, 0x00000289a91f0d00, 0x00000289a9203b50, 0x00000289a922e2f0,
0x00000289a922fae0, 0x00000289a92041e0, 0x00000289a9205590, 0x00000289a9202110,
0x00000289a9204870, 0x00000289a9204f00, 0x00000289a92027a0, 0x00000289a92034c0,
0x00000289a9202e30, 0x00000289efdae350, 0x00000289efdaf700, 0x00000289efdacfa0,
0x00000289efdb0ab0, 0x00000289efdb1140, 0x00000289efdadcc0, 0x00000289efdb17d0,
0x00000289efdb3f30, 0x00000289efdb3210, 0x00000289efdb1e60, 0x00000289efdb24f0,
0x00000289efdb38a0, 0x00000289efdb45c0, 0x00000289f0beaef0, 0x00000289f0bebc10
}

Java Threads: ( => current thread )
  0x00000289927ed420 JavaThread "main"                              [_thread_blocked, id=720, stack(0x000000c8c9d00000,0x000000c8c9e00000) (1024K)]
  0x00000289928aa830 JavaThread "Reference Handler"          daemon [_thread_blocked, id=6440, stack(0x000000c8ca100000,0x000000c8ca200000) (1024K)]
  0x00000289a91dffd0 JavaThread "Finalizer"                  daemon [_thread_blocked, id=12700, stack(0x000000c8ca200000,0x000000c8ca300000) (1024K)]
  0x00000289a91e3940 JavaThread "Signal Dispatcher"          daemon [_thread_blocked, id=18900, stack(0x000000c8ca300000,0x000000c8ca400000) (1024K)]
=>0x00000289a91e47f0 JavaThread "Attach Listener"            daemon [_thread_in_vm, id=16960, stack(0x000000c8ca400000,0x000000c8ca500000) (1024K)]
  0x00000289a91f0d00 JavaThread "Service Thread"             daemon [_thread_blocked, id=13276, stack(0x000000c8ca500000,0x000000c8ca600000) (1024K)]
  0x00000289a9203b50 JavaThread "Monitor Deflation Thread"   daemon [_thread_blocked, id=11068, stack(0x000000c8ca600000,0x000000c8ca700000) (1024K)]
  0x00000289a922e2f0 JavaThread "C2 CompilerThread0"         daemon [_thread_blocked, id=15416, stack(0x000000c8ca700000,0x000000c8ca800000) (1024K)]
  0x00000289a922fae0 JavaThread "C1 CompilerThread0"         daemon [_thread_blocked, id=10172, stack(0x000000c8ca800000,0x000000c8ca900000) (1024K)]
  0x00000289a92041e0 JavaThread "Common-Cleaner"             daemon [_thread_blocked, id=15284, stack(0x000000c8ca900000,0x000000c8caa00000) (1024K)]
  0x00000289a9205590 JavaThread "Notification Thread"        daemon [_thread_blocked, id=5540, stack(0x000000c8caa00000,0x000000c8cab00000) (1024K)]
  0x00000289a9202110 JavaThread "Active Thread: Equinox Container: 5ddfb3e0-8e4d-4288-ac0c-196d27ebbabc"        [_thread_blocked, id=7672, stack(0x000000c8cab00000,0x000000c8cac00000) (1024K)]
  0x00000289a9204870 JavaThread "Refresh Thread: Equinox Container: 5ddfb3e0-8e4d-4288-ac0c-196d27ebbabc" daemon [_thread_blocked, id=16392, stack(0x000000c8caf00000,0x000000c8cb000000) (1024K)]
  0x00000289a9204f00 JavaThread "Framework Event Dispatcher: Equinox Container: 5ddfb3e0-8e4d-4288-ac0c-196d27ebbabc" daemon [_thread_blocked, id=10624, stack(0x000000c8cb000000,0x000000c8cb100000) (1024K)]
  0x00000289a92027a0 JavaThread "Start Level: Equinox Container: 5ddfb3e0-8e4d-4288-ac0c-196d27ebbabc" daemon [_thread_blocked, id=9584, stack(0x000000c8cb100000,0x000000c8cb200000) (1024K)]
  0x00000289a92034c0 JavaThread "Bundle File Closer"         daemon [_thread_blocked, id=16340, stack(0x000000c8cb200000,0x000000c8cb300000) (1024K)]
  0x00000289a9202e30 JavaThread "SCR Component Actor"        daemon [_thread_blocked, id=17324, stack(0x000000c8cb300000,0x000000c8cb400000) (1024K)]
  0x00000289efdae350 JavaThread "Worker-JM"                         [_thread_blocked, id=9480, stack(0x000000c8cb500000,0x000000c8cb600000) (1024K)]
  0x00000289efdaf700 JavaThread "Java indexing"              daemon [_thread_blocked, id=12676, stack(0x000000c8cb900000,0x000000c8cba00000) (1024K)]
  0x00000289efdacfa0 JavaThread "JNA Cleaner"                daemon [_thread_blocked, id=13604, stack(0x000000c8cbb00000,0x000000c8cbc00000) (1024K)]
  0x00000289efdb0ab0 JavaThread "Worker-4"                          [_thread_blocked, id=5908, stack(0x000000c8cbe00000,0x000000c8cbf00000) (1024K)]
  0x00000289efdb1140 JavaThread "Worker-5"                          [_thread_blocked, id=2316, stack(0x000000c8cbf00000,0x000000c8cc000000) (1024K)]
  0x00000289efdadcc0 JavaThread "Thread-1"                   daemon [_thread_in_native, id=8812, stack(0x000000c8cc000000,0x000000c8cc100000) (1024K)]
  0x00000289efdb17d0 JavaThread "Thread-2"                   daemon [_thread_in_native, id=15784, stack(0x000000c8cc100000,0x000000c8cc200000) (1024K)]
  0x00000289efdb3f30 JavaThread "Thread-3"                   daemon [_thread_in_native, id=3932, stack(0x000000c8cc200000,0x000000c8cc300000) (1024K)]
  0x00000289efdb3210 JavaThread "Thread-4"                   daemon [_thread_in_native, id=10756, stack(0x000000c8cc300000,0x000000c8cc400000) (1024K)]
  0x00000289efdb1e60 JavaThread "Thread-5"                   daemon [_thread_in_native, id=14696, stack(0x000000c8cc400000,0x000000c8cc500000) (1024K)]
  0x00000289efdb24f0 JavaThread "pool-2-thread-1"                   [_thread_blocked, id=3956, stack(0x000000c8cc500000,0x000000c8cc600000) (1024K)]
  0x00000289efdb38a0 JavaThread "WorkspaceEventsHandler"            [_thread_blocked, id=1576, stack(0x000000c8cc600000,0x000000c8cc700000) (1024K)]
  0x00000289efdb45c0 JavaThread "pool-1-thread-1"                   [_thread_blocked, id=6092, stack(0x000000c8cc700000,0x000000c8cc800000) (1024K)]
  0x00000289f0beaef0 JavaThread "PatternSearchJob-worker-1"  daemon [_thread_blocked, id=19048, stack(0x000000c8cbc00000,0x000000c8cbd00000) (1024K)]
  0x00000289f0bebc10 JavaThread "PatternSearchJob-worker-3"  daemon [_thread_blocked, id=16688, stack(0x000000c8cba00000,0x000000c8cbb00000) (1024K)]
Total: 32

Other Threads:
  0x00000289a91df670 VMThread "VM Thread"                           [id=10820, stack(0x000000c8ca000000,0x000000c8ca100000) (1024K)]
  0x000002899285b1e0 WatcherThread "VM Periodic Task Thread"        [id=19888, stack(0x000000c8c9f00000,0x000000c8ca000000) (1024K)]
  0x000002899280b820 WorkerThread "GC Thread#0"                     [id=2096, stack(0x000000c8c9e00000,0x000000c8c9f00000) (1024K)]
  0x00000289ef6f8820 WorkerThread "GC Thread#1"                     [id=20096, stack(0x000000c8cac00000,0x000000c8cad00000) (1024K)]
  0x00000289ef570d50 WorkerThread "GC Thread#2"                     [id=14456, stack(0x000000c8cad00000,0x000000c8cae00000) (1024K)]
  0x00000289ef571100 WorkerThread "GC Thread#3"                     [id=9824, stack(0x000000c8cae00000,0x000000c8caf00000) (1024K)]
Total: 6

Threads with active compile tasks:
Total: 0

VM state: not at safepoint (normal execution)

VM Mutex/Monitor currently owned by a thread: None

Heap address: 0x0000000080000000, size: 2048 MB, Compressed Oops mode: 32-bit

CDS archive(s) mapped at: [0x00000289aa000000-0x00000289aaba0000-0x00000289aaba0000), size 12189696, SharedBaseAddress: 0x00000289aa000000, ArchiveRelocationMode: 1.
Compressed class space mapped at: 0x00000289ab000000-0x00000289eb000000, reserved size: 1073741824
Narrow klass base: 0x00000289aa000000, Narrow klass shift: 0, Narrow klass range: 0x100000000

GC Precious Log:
 CardTable entry size: 512
 CPUs: 4 total, 4 available
 Memory: 7969M
 Large Page Support: Disabled
 NUMA Support: Disabled
 Compressed Oops: Enabled (32-bit)
 Alignments: Space 512K, Generation 512K, Heap 2M
 Heap Min Capacity: 100M
 Heap Initial Capacity: 100M
 Heap Max Capacity: 2G
 Pre-touch: Disabled
 Parallel Workers: 4

Heap:
 PSYoungGen      total 2048K, used 281K [0x00000000d5580000, 0x00000000d5880000, 0x0000000100000000)
  eden space 1536K, 9% used [0x00000000d5580000,0x00000000d55a6418,0x00000000d5700000)
  from space 512K, 25% used [0x00000000d5780000,0x00000000d57a0000,0x00000000d5800000)
  to   space 512K, 0% used [0x00000000d5800000,0x00000000d5800000,0x00000000d5880000)
 ParOldGen       total 875008K, used 874976K [0x0000000080000000, 0x00000000b5680000, 0x00000000d5580000)
  object space 875008K, 99% used [0x0000000080000000,0x00000000b5678230,0x00000000b5680000)
 Metaspace       used 70507K, committed 72000K, reserved 1114112K
  class space    used 7590K, committed 8256K, reserved 1048576K

Card table byte_map: [0x00000289921c0000,0x00000289925d0000] _byte_map_base: 0x0000028991dc0000

Marking Bits: (ParMarkBitMap*) 0x00007ff8a81d4460
 Begin Bits: [0x00000289a4ca0000, 0x00000289a6ca0000)
 End Bits:   [0x00000289a6ca0000, 0x00000289a8ca0000)

Polling page: 0x0000028991fb0000

Metaspace:

Usage:
  Non-class:     61.44 MB used.
      Class:      7.41 MB used.
       Both:     68.86 MB used.

Virtual space:
  Non-class space:       64.00 MB reserved,      62.25 MB ( 97%) committed,  1 nodes.
      Class space:        1.00 GB reserved,       8.06 MB ( <1%) committed,  1 nodes.
             Both:        1.06 GB reserved,      70.31 MB (  6%) committed. 

Chunk freelists:
   Non-Class:  1.39 MB
       Class:  7.81 MB
        Both:  9.20 MB

MaxMetaspaceSize: unlimited
CompressedClassSpaceSize: 1.00 GB
Initial GC threshold: 21.00 MB
Current GC threshold: 97.31 MB
CDS: on
 - commit_granule_bytes: 65536.
 - commit_granule_words: 8192.
 - virtual_space_node_default_size: 8388608.
 - enlarge_chunks_in_place: 1.
 - use_allocation_guard: 0.


Internal statistics:

num_allocs_failed_limit: 9.
num_arena_births: 1286.
num_arena_deaths: 18.
num_vsnodes_births: 2.
num_vsnodes_deaths: 0.
num_space_committed: 1125.
num_space_uncommitted: 0.
num_chunks_returned_to_freelist: 29.
num_chunks_taken_from_freelist: 4416.
num_chunk_merges: 16.
num_chunk_splits: 2700.
num_chunks_enlarged: 1534.
num_inconsistent_stats: 0.

CodeHeap 'non-profiled nmethods': size=120000Kb used=11342Kb max_used=11342Kb free=108658Kb
 bounds [0x000002899d4c0000, 0x000002899dfe0000, 0x00000289a49f0000]
CodeHeap 'profiled nmethods': size=120000Kb used=29340Kb max_used=29340Kb free=90659Kb
 bounds [0x00000289959f0000, 0x00000289976a0000, 0x000002899cf20000]
CodeHeap 'non-nmethods': size=5760Kb used=1485Kb max_used=1558Kb free=4274Kb
 bounds [0x000002899cf20000, 0x000002899d190000, 0x000002899d4c0000]
CodeCache: size=245760Kb, used=42167Kb, max_used=42240Kb, free=203591Kb
 total_blobs=13318, nmethods=12524, adapters=699, full_count=0
Compilation: enabled, stopped_count=0, restarted_count=0

Compilation events (20 events):
Event: 419.898 Thread 0x00000289a922e2f0 13296   !   4       java.io.ObjectOutputStream::defaultWriteFields (288 bytes)
Event: 419.906 Thread 0x00000289a922fae0 13297       3       java.lang.invoke.LambdaForm$MH/0x00000289ab78c400::invoke (64 bytes)
Event: 419.907 Thread 0x00000289a922fae0 nmethod 13297 0x0000028997691c10 code [0x0000028997691ea0, 0x0000028997692ca0]
Event: 419.908 Thread 0x00000289a922fae0 13298   !   3       java.io.ObjectOutputStream::writeArray (589 bytes)
Event: 419.909 Thread 0x00000289a922fae0 nmethod 13298 0x0000028997693090 code [0x00000289976934e0, 0x0000028997694d90]
Event: 419.954 Thread 0x00000289a922e2f0 nmethod 13296 0x000002899dfcea90 code [0x000002899dfceec0, 0x000002899dfd12c8]
Event: 420.050 Thread 0x00000289a922fae0 13299       3       org.eclipse.jdt.ls.core.internal.handlers.ProgressReporterManager$ProgressReporter::<init> (36 bytes)
Event: 420.051 Thread 0x00000289a922fae0 nmethod 13299 0x0000028997695710 code [0x00000289976958e0, 0x0000028997695be8]
Event: 420.052 Thread 0x00000289a922e2f0 13300       4       java.util.concurrent.CountDownLatch$Sync::tryAcquireShared (13 bytes)
Event: 420.053 Thread 0x00000289a922e2f0 nmethod 13300 0x000002899dfd3210 code [0x000002899dfd33a0, 0x000002899dfd3440]
Event: 427.798 Thread 0x00000289a922fae0 13301       3       java.util.IdentityHashMap$IdentityHashMapIterator::<init> (63 bytes)
Event: 427.798 Thread 0x00000289a922fae0 nmethod 13301 0x0000028997695d90 code [0x0000028997695f40, 0x0000028997696160]
Event: 531.462 Thread 0x00000289a922fae0 13302       3       java.util.concurrent.ScheduledThreadPoolExecutor$DelayedWorkQueue::setIndex (16 bytes)
Event: 531.463 Thread 0x00000289a922fae0 nmethod 13302 0x0000028997696290 code [0x0000028997696440, 0x0000028997696748]
Event: 605.478 Thread 0x00000289a922fae0 13303       1       java.util.concurrent.ThreadPoolExecutor::getQueue (5 bytes)
Event: 605.478 Thread 0x00000289a922fae0 nmethod 13303 0x000002899dfd3510 code [0x000002899dfd36a0, 0x000002899dfd3768]
Event: 701.613 Thread 0x00000289a922fae0 13304       3       java.util.Optional::of (12 bytes)
Event: 701.614 Thread 0x00000289a922fae0 nmethod 13304 0x0000028997696810 code [0x00000289976969e0, 0x0000028997696d58]
Event: 815.647 Thread 0x00000289a922fae0 13305       3       java.util.concurrent.ScheduledThreadPoolExecutor$ScheduledFutureTask::getDelay (16 bytes)
Event: 815.648 Thread 0x00000289a922fae0 nmethod 13305 0x0000028997696f10 code [0x00000289976970c0, 0x0000028997697258]

GC Heap History (20 events):
Event: 250.358 GC heap before
{Heap before GC invocations=1721 (full 3):
 PSYoungGen      total 3072K, used 2875K [0x00000000d5580000, 0x00000000d5b00000, 0x0000000100000000)
  eden space 1536K, 100% used [0x00000000d5580000,0x00000000d5700000,0x00000000d5700000)
  from space 1536K, 87% used [0x00000000d5700000,0x00000000d584eee0,0x00000000d5880000)
  to   space 2048K, 0% used [0x00000000d5900000,0x00000000d5900000,0x00000000d5b00000)
 ParOldGen       total 867328K, used 867172K [0x0000000080000000, 0x00000000b4f00000, 0x00000000d5580000)
  object space 867328K, 99% used [0x0000000080000000,0x00000000b4ed91d8,0x00000000b4f00000)
 Metaspace       used 70104K, committed 71680K, reserved 1114112K
  class space    used 7513K, committed 8192K, reserved 1048576K
}
Event: 250.363 GC heap after
{Heap after GC invocations=1721 (full 3):
 PSYoungGen      total 3072K, used 1313K [0x00000000d5580000, 0x00000000d5a80000, 0x0000000100000000)
  eden space 1536K, 0% used [0x00000000d5580000,0x00000000d5580000,0x00000000d5700000)
  from space 1536K, 85% used [0x00000000d5900000,0x00000000d5a486f8,0x00000000d5a80000)
  to   space 1536K, 0% used [0x00000000d5700000,0x00000000d5700000,0x00000000d5880000)
 ParOldGen       total 868864K, used 868470K [0x0000000080000000, 0x00000000b5080000, 0x00000000d5580000)
  object space 868864K, 99% used [0x0000000080000000,0x00000000b501da00,0x00000000b5080000)
 Metaspace       used 70104K, committed 71680K, reserved 1114112K
  class space    used 7513K, committed 8192K, reserved 1048576K
}
Event: 250.714 GC heap before
{Heap before GC invocations=1722 (full 3):
 PSYoungGen      total 3072K, used 2849K [0x00000000d5580000, 0x00000000d5a80000, 0x0000000100000000)
  eden space 1536K, 100% used [0x00000000d5580000,0x00000000d5700000,0x00000000d5700000)
  from space 1536K, 85% used [0x00000000d5900000,0x00000000d5a486f8,0x00000000d5a80000)
  to   space 1536K, 0% used [0x00000000d5700000,0x00000000d5700000,0x00000000d5880000)
 ParOldGen       total 870912K, used 870086K [0x0000000080000000, 0x00000000b5280000, 0x00000000d5580000)
  object space 870912K, 99% used [0x0000000080000000,0x00000000b51b19b0,0x00000000b5280000)
 Metaspace       used 70104K, committed 71680K, reserved 1114112K
  class space    used 7513K, committed 8192K, reserved 1048576K
}
Event: 250.721 GC heap after
{Heap after GC invocations=1722 (full 3):
 PSYoungGen      total 3072K, used 1343K [0x00000000d5580000, 0x00000000d5a00000, 0x0000000100000000)
  eden space 1536K, 0% used [0x00000000d5580000,0x00000000d5580000,0x00000000d5700000)
  from space 1536K, 87% used [0x00000000d5700000,0x00000000d584fc20,0x00000000d5880000)
  to   space 1536K, 0% used [0x00000000d5880000,0x00000000d5880000,0x00000000d5a00000)
 ParOldGen       total 871424K, used 871377K [0x0000000080000000, 0x00000000b5300000, 0x00000000d5580000)
  object space 871424K, 99% used [0x0000000080000000,0x00000000b52f4718,0x00000000b5300000)
 Metaspace       used 70104K, committed 71680K, reserved 1114112K
  class space    used 7513K, committed 8192K, reserved 1048576K
}
Event: 250.805 GC heap before
{Heap before GC invocations=1723 (full 3):
 PSYoungGen      total 3072K, used 2879K [0x00000000d5580000, 0x00000000d5a00000, 0x0000000100000000)
  eden space 1536K, 100% used [0x00000000d5580000,0x00000000d5700000,0x00000000d5700000)
  from space 1536K, 87% used [0x00000000d5700000,0x00000000d584fc20,0x00000000d5880000)
  to   space 1536K, 0% used [0x00000000d5880000,0x00000000d5880000,0x00000000d5a00000)
 ParOldGen       total 871424K, used 871377K [0x0000000080000000, 0x00000000b5300000, 0x00000000d5580000)
  object space 871424K, 99% used [0x0000000080000000,0x00000000b52f4718,0x00000000b5300000)
 Metaspace       used 70104K, committed 71680K, reserved 1114112K
  class space    used 7513K, committed 8192K, reserved 1048576K
}
Event: 250.809 GC heap after
{Heap after GC invocations=1723 (full 3):
 PSYoungGen      total 3072K, used 1208K [0x00000000d5580000, 0x00000000d5a00000, 0x0000000100000000)
  eden space 1536K, 0% used [0x00000000d5580000,0x00000000d5580000,0x00000000d5700000)
  from space 1536K, 78% used [0x00000000d5880000,0x00000000d59ae070,0x00000000d5a00000)
  to   space 1536K, 0% used [0x00000000d5700000,0x00000000d5700000,0x00000000d5880000)
 ParOldGen       total 872960K, used 872684K [0x0000000080000000, 0x00000000b5480000, 0x00000000d5580000)
  object space 872960K, 99% used [0x0000000080000000,0x00000000b543b2b8,0x00000000b5480000)
 Metaspace       used 70104K, committed 71680K, reserved 1114112K
  class space    used 7513K, committed 8192K, reserved 1048576K
}
Event: 251.057 GC heap before
{Heap before GC invocations=1724 (full 3):
 PSYoungGen      total 3072K, used 2744K [0x00000000d5580000, 0x00000000d5a00000, 0x0000000100000000)
  eden space 1536K, 100% used [0x00000000d5580000,0x00000000d5700000,0x00000000d5700000)
  from space 1536K, 78% used [0x00000000d5880000,0x00000000d59ae070,0x00000000d5a00000)
  to   space 1536K, 0% used [0x00000000d5700000,0x00000000d5700000,0x00000000d5880000)
 ParOldGen       total 872960K, used 872684K [0x0000000080000000, 0x00000000b5480000, 0x00000000d5580000)
  object space 872960K, 99% used [0x0000000080000000,0x00000000b543b2b8,0x00000000b5480000)
 Metaspace       used 70202K, committed 71808K, reserved 1114112K
  class space    used 7539K, committed 8256K, reserved 1048576K
}
Event: 251.067 GC heap after
{Heap after GC invocations=1724 (full 3):
 PSYoungGen      total 2560K, used 672K [0x00000000d5580000, 0x00000000d5900000, 0x0000000100000000)
  eden space 1536K, 0% used [0x00000000d5580000,0x00000000d5580000,0x00000000d5700000)
  from space 1024K, 65% used [0x00000000d5700000,0x00000000d57a8000,0x00000000d5800000)
  to   space 1024K, 0% used [0x00000000d5800000,0x00000000d5800000,0x00000000d5900000)
 ParOldGen       total 873984K, used 873768K [0x0000000080000000, 0x00000000b5580000, 0x00000000d5580000)
  object space 873984K, 99% used [0x0000000080000000,0x00000000b554a060,0x00000000b5580000)
 Metaspace       used 70202K, committed 71808K, reserved 1114112K
  class space    used 7539K, committed 8256K, reserved 1048576K
}
Event: 251.090 GC heap before
{Heap before GC invocations=1725 (full 3):
 PSYoungGen      total 2560K, used 2208K [0x00000000d5580000, 0x00000000d5900000, 0x0000000100000000)
  eden space 1536K, 100% used [0x00000000d5580000,0x00000000d5700000,0x00000000d5700000)
  from space 1024K, 65% used [0x00000000d5700000,0x00000000d57a8000,0x00000000d5800000)
  to   space 1024K, 0% used [0x00000000d5800000,0x00000000d5800000,0x00000000d5900000)
 ParOldGen       total 873984K, used 873768K [0x0000000080000000, 0x00000000b5580000, 0x00000000d5580000)
  object space 873984K, 99% used [0x0000000080000000,0x00000000b554a060,0x00000000b5580000)
 Metaspace       used 70203K, committed 71808K, reserved 1114112K
  class space    used 7539K, committed 8256K, reserved 1048576K
}
Event: 251.098 GC heap after
{Heap after GC invocations=1725 (full 3):
 PSYoungGen      total 2048K, used 128K [0x00000000d5580000, 0x00000000d5880000, 0x0000000100000000)
  eden space 1536K, 0% used [0x00000000d5580000,0x00000000d5580000,0x00000000d5700000)
  from space 512K, 25% used [0x00000000d5800000,0x00000000d5820000,0x00000000d5880000)
  to   space 512K, 0% used [0x00000000d5780000,0x00000000d5780000,0x00000000d5800000)
 ParOldGen       total 874496K, used 874400K [0x0000000080000000, 0x00000000b5600000, 0x00000000d5580000)
  object space 874496K, 99% used [0x0000000080000000,0x00000000b55e8060,0x00000000b5600000)
 Metaspace       used 70203K, committed 71808K, reserved 1114112K
  class space    used 7539K, committed 8256K, reserved 1048576K
}
Event: 251.122 GC heap before
{Heap before GC invocations=1726 (full 3):
 PSYoungGen      total 2048K, used 1664K [0x00000000d5580000, 0x00000000d5880000, 0x0000000100000000)
  eden space 1536K, 100% used [0x00000000d5580000,0x00000000d5700000,0x00000000d5700000)
  from space 512K, 25% used [0x00000000d5800000,0x00000000d5820000,0x00000000d5880000)
  to   space 512K, 0% used [0x00000000d5780000,0x00000000d5780000,0x00000000d5800000)
 ParOldGen       total 874496K, used 874400K [0x0000000080000000, 0x00000000b5600000, 0x00000000d5580000)
  object space 874496K, 99% used [0x0000000080000000,0x00000000b55e8060,0x00000000b5600000)
 Metaspace       used 70203K, committed 71808K, reserved 1114112K
  class space    used 7539K, committed 8256K, reserved 1048576K
}
Event: 251.125 GC heap after
{Heap after GC invocations=1726 (full 3):
 PSYoungGen      total 2048K, used 96K [0x00000000d5580000, 0x00000000d5880000, 0x0000000100000000)
  eden space 1536K, 0% used [0x00000000d5580000,0x00000000d5580000,0x00000000d5700000)
  from space 512K, 18% used [0x00000000d5780000,0x00000000d5798000,0x00000000d5800000)
  to   space 512K, 0% used [0x00000000d5800000,0x00000000d5800000,0x00000000d5880000)
 ParOldGen       total 874496K, used 874448K [0x0000000080000000, 0x00000000b5600000, 0x00000000d5580000)
  object space 874496K, 99% used [0x0000000080000000,0x00000000b55f4060,0x00000000b5600000)
 Metaspace       used 70203K, committed 71808K, reserved 1114112K
  class space    used 7539K, committed 8256K, reserved 1048576K
}
Event: 251.252 GC heap before
{Heap before GC invocations=1727 (full 3):
 PSYoungGen      total 2048K, used 1632K [0x00000000d5580000, 0x00000000d5880000, 0x0000000100000000)
  eden space 1536K, 100% used [0x00000000d5580000,0x00000000d5700000,0x00000000d5700000)
  from space 512K, 18% used [0x00000000d5780000,0x00000000d5798000,0x00000000d5800000)
  to   space 512K, 0% used [0x00000000d5800000,0x00000000d5800000,0x00000000d5880000)
 ParOldGen       total 874496K, used 874448K [0x0000000080000000, 0x00000000b5600000, 0x00000000d5580000)
  object space 874496K, 99% used [0x0000000080000000,0x00000000b55f4060,0x00000000b5600000)
 Metaspace       used 70206K, committed 71808K, reserved 1114112K
  class space    used 7539K, committed 8256K, reserved 1048576K
}
Event: 251.258 GC heap after
{Heap after GC invocations=1727 (full 3):
 PSYoungGen      total 2048K, used 492K [0x00000000d5580000, 0x00000000d5900000, 0x0000000100000000)
  eden space 1536K, 0% used [0x00000000d5580000,0x00000000d5580000,0x00000000d5700000)
  from space 512K, 96% used [0x00000000d5800000,0x00000000d587b210,0x00000000d5880000)
  to   space 1024K, 0% used [0x00000000d5700000,0x00000000d5700000,0x00000000d5800000)
 ParOldGen       total 874496K, used 874472K [0x0000000080000000, 0x00000000b5600000, 0x00000000d5580000)
  object space 874496K, 99% used [0x0000000080000000,0x00000000b55fa060,0x00000000b5600000)
 Metaspace       used 70206K, committed 71808K, reserved 1114112K
  class space    used 7539K, committed 8256K, reserved 1048576K
}
Event: 251.330 GC heap before
{Heap before GC invocations=1728 (full 3):
 PSYoungGen      total 2048K, used 2018K [0x00000000d5580000, 0x00000000d5900000, 0x0000000100000000)
  eden space 1536K, 99% used [0x00000000d5580000,0x00000000d56fd858,0x00000000d5700000)
  from space 512K, 96% used [0x00000000d5800000,0x00000000d587b210,0x00000000d5880000)
  to   space 1024K, 0% used [0x00000000d5700000,0x00000000d5700000,0x00000000d5800000)
 ParOldGen       total 874496K, used 874472K [0x0000000080000000, 0x00000000b5600000, 0x00000000d5580000)
  object space 874496K, 99% used [0x0000000080000000,0x00000000b55fa060,0x00000000b5600000)
 Metaspace       used 70264K, committed 71872K, reserved 1114112K
  class space    used 7546K, committed 8256K, reserved 1048576K
}
Event: 251.341 GC heap after
{Heap after GC invocations=1728 (full 3):
 PSYoungGen      total 2560K, used 494K [0x00000000d5580000, 0x00000000d5880000, 0x0000000100000000)
  eden space 1536K, 0% used [0x00000000d5580000,0x00000000d5580000,0x00000000d5700000)
  from space 1024K, 48% used [0x00000000d5700000,0x00000000d577b888,0x00000000d5800000)
  to   space 512K, 0% used [0x00000000d5800000,0x00000000d5800000,0x00000000d5880000)
 ParOldGen       total 875008K, used 874819K [0x0000000080000000, 0x00000000b5680000, 0x00000000d5580000)
  object space 875008K, 99% used [0x0000000080000000,0x00000000b5650f98,0x00000000b5680000)
 Metaspace       used 70264K, committed 71872K, reserved 1114112K
  class space    used 7546K, committed 8256K, reserved 1048576K
}
Event: 251.506 GC heap before
{Heap before GC invocations=1729 (full 3):
 PSYoungGen      total 2560K, used 2030K [0x00000000d5580000, 0x00000000d5880000, 0x0000000100000000)
  eden space 1536K, 100% used [0x00000000d5580000,0x00000000d5700000,0x00000000d5700000)
  from space 1024K, 48% used [0x00000000d5700000,0x00000000d577b888,0x00000000d5800000)
  to   space 512K, 0% used [0x00000000d5800000,0x00000000d5800000,0x00000000d5880000)
 ParOldGen       total 875008K, used 874819K [0x0000000080000000, 0x00000000b5680000, 0x00000000d5580000)
  object space 875008K, 99% used [0x0000000080000000,0x00000000b5650f98,0x00000000b5680000)
 Metaspace       used 70371K, committed 71936K, reserved 1114112K
  class space    used 7567K, committed 8256K, reserved 1048576K
}
Event: 251.511 GC heap after
{Heap after GC invocations=1729 (full 3):
 PSYoungGen      total 2048K, used 64K [0x00000000d5580000, 0x00000000d5880000, 0x0000000100000000)
  eden space 1536K, 0% used [0x00000000d5580000,0x00000000d5580000,0x00000000d5700000)
  from space 512K, 12% used [0x00000000d5800000,0x00000000d5810000,0x00000000d5880000)
  to   space 512K, 0% used [0x00000000d5780000,0x00000000d5780000,0x00000000d5800000)
 ParOldGen       total 875008K, used 874960K [0x0000000080000000, 0x00000000b5680000, 0x00000000d5580000)
  object space 875008K, 99% used [0x0000000080000000,0x00000000b5674230,0x00000000b5680000)
 Metaspace       used 70371K, committed 71936K, reserved 1114112K
  class space    used 7567K, committed 8256K, reserved 1048576K
}
Event: 419.924 GC heap before
{Heap before GC invocations=1730 (full 3):
 PSYoungGen      total 2048K, used 1599K [0x00000000d5580000, 0x00000000d5880000, 0x0000000100000000)
  eden space 1536K, 99% used [0x00000000d5580000,0x00000000d56ffe78,0x00000000d5700000)
  from space 512K, 12% used [0x00000000d5800000,0x00000000d5810000,0x00000000d5880000)
  to   space 512K, 0% used [0x00000000d5780000,0x00000000d5780000,0x00000000d5800000)
 ParOldGen       total 875008K, used 874960K [0x0000000080000000, 0x00000000b5680000, 0x00000000d5580000)
  object space 875008K, 99% used [0x0000000080000000,0x00000000b5674230,0x00000000b5680000)
 Metaspace       used 70498K, committed 72000K, reserved 1114112K
  class space    used 7588K, committed 8256K, reserved 1048576K
}
Event: 419.930 GC heap after
{Heap after GC invocations=1730 (full 3):
 PSYoungGen      total 2048K, used 128K [0x00000000d5580000, 0x00000000d5880000, 0x0000000100000000)
  eden space 1536K, 0% used [0x00000000d5580000,0x00000000d5580000,0x00000000d5700000)
  from space 512K, 25% used [0x00000000d5780000,0x00000000d57a0000,0x00000000d5800000)
  to   space 512K, 0% used [0x00000000d5800000,0x00000000d5800000,0x00000000d5880000)
 ParOldGen       total 875008K, used 874976K [0x0000000080000000, 0x00000000b5680000, 0x00000000d5580000)
  object space 875008K, 99% used [0x0000000080000000,0x00000000b5678230,0x00000000b5680000)
 Metaspace       used 70498K, committed 72000K, reserved 1114112K
  class space    used 7588K, committed 8256K, reserved 1048576K
}

Dll operation events (14 events):
Event: 0.038 Loaded shared library c:\Users\manue\.vscode\extensions\redhat.java-1.55.0-win32-x64\jre\21.0.11-win32-x86_64\bin\java.dll
Event: 0.260 Loaded shared library c:\Users\manue\.vscode\extensions\redhat.java-1.55.0-win32-x64\jre\21.0.11-win32-x86_64\bin\zip.dll
Event: 0.340 Loaded shared library C:\Users\manue\.vscode\extensions\redhat.java-1.55.0-win32-x64\jre\21.0.11-win32-x86_64\bin\instrument.dll
Event: 0.359 Loaded shared library C:\Users\manue\.vscode\extensions\redhat.java-1.55.0-win32-x64\jre\21.0.11-win32-x86_64\bin\net.dll
Event: 0.367 Loaded shared library C:\Users\manue\.vscode\extensions\redhat.java-1.55.0-win32-x64\jre\21.0.11-win32-x86_64\bin\nio.dll
Event: 0.375 Loaded shared library C:\Users\manue\.vscode\extensions\redhat.java-1.55.0-win32-x64\jre\21.0.11-win32-x86_64\bin\zip.dll
Event: 0.418 Loaded shared library C:\Users\manue\.vscode\extensions\redhat.java-1.55.0-win32-x64\jre\21.0.11-win32-x86_64\bin\jimage.dll
Event: 0.824 Loaded shared library c:\Users\manue\.vscode\extensions\redhat.java-1.55.0-win32-x64\jre\21.0.11-win32-x86_64\bin\verify.dll
Event: 14.218 Loaded shared library C:\Users\manue\AppData\Roaming\Code\User\globalStorage\redhat.java\1.55.0\config_win\org.eclipse.equinox.launcher\org.eclipse.equinox.launcher.win32.win32.x86_64_1.3.100.v20260613-0559\eclipse_11924.dll
Event: 34.416 Loaded shared library C:\Users\manue\.vscode\extensions\redhat.java-1.55.0-win32-x64\jre\21.0.11-win32-x86_64\bin\management.dll
Event: 34.428 Loaded shared library C:\Users\manue\.vscode\extensions\redhat.java-1.55.0-win32-x64\jre\21.0.11-win32-x86_64\bin\management_ext.dll
Event: 39.441 Loaded shared library C:\Users\manue\AppData\Local\Temp\jna-103662954\jna15146111180219057563.dll
Event: 42.056 Loaded shared library C:\Users\manue\.vscode\extensions\redhat.java-1.55.0-win32-x64\jre\21.0.11-win32-x86_64\bin\sunmscapi.dll
Event: 42.452 Loaded shared library C:\Users\manue\.vscode\extensions\redhat.java-1.55.0-win32-x64\jre\21.0.11-win32-x86_64\bin\extnet.dll

Deoptimization events (20 events):
Event: 251.573 Thread 0x00000289f16a0850 Uncommon trap: trap_request=0xffffff45 fr.pc=0x000002899dde5b6c relative=0x00000000000000ac
Event: 251.573 Thread 0x00000289f16a0850 Uncommon trap: reason=unstable_if action=reinterpret pc=0x000002899dde5b6c method=org.eclipse.jdt.core.Signature.appendTypeSignature([CIZLjava/lang/StringBuilder;Z)I @ 197 c2
Event: 251.573 Thread 0x00000289f16a0850 DEOPT PACKING pc=0x000002899dde5b6c sp=0x000000c8cc9fdd50
Event: 251.573 Thread 0x00000289f16a0850 DEOPT UNPACKING pc=0x000002899cf76da2 sp=0x000000c8cc9fdcc8 mode 2
Event: 251.573 Thread 0x00000289f16a0850 Uncommon trap: trap_request=0xffffff45 fr.pc=0x000002899dd0a134 relative=0x00000000000007b4
Event: 251.573 Thread 0x00000289f16a0850 Uncommon trap: reason=unstable_if action=reinterpret pc=0x000002899dd0a134 method=org.eclipse.jdt.core.Signature.appendClassTypeSignature([CIZLjava/lang/StringBuilder;)I @ 23 c2
Event: 251.573 Thread 0x00000289f16a0850 DEOPT PACKING pc=0x000002899dd0a134 sp=0x000000c8cc9fda60
Event: 251.573 Thread 0x00000289f16a0850 DEOPT UNPACKING pc=0x000002899cf76da2 sp=0x000000c8cc9fd9d8 mode 2
Event: 251.597 Thread 0x00000289f16a0850 Uncommon trap: trap_request=0xffffffbe fr.pc=0x000002899dd084e8 relative=0x00000000000013a8
Event: 251.597 Thread 0x00000289f16a0850 Uncommon trap: reason=profile_predicate action=maybe_recompile pc=0x000002899dd084e8 method=java.util.TimSort.reverseRange([Ljava/lang/Object;II)V @ 5 c2
Event: 251.597 Thread 0x00000289f16a0850 DEOPT PACKING pc=0x000002899dd084e8 sp=0x000000c8cc9fcf90
Event: 251.597 Thread 0x00000289f16a0850 DEOPT UNPACKING pc=0x000002899cf76da2 sp=0x000000c8cc9fce40 mode 2
Event: 251.608 Thread 0x00000289f16a0850 Uncommon trap: trap_request=0xffffffbe fr.pc=0x000002899dd084e8 relative=0x00000000000013a8
Event: 251.608 Thread 0x00000289f16a0850 Uncommon trap: reason=profile_predicate action=maybe_recompile pc=0x000002899dd084e8 method=java.util.TimSort.reverseRange([Ljava/lang/Object;II)V @ 5 c2
Event: 251.608 Thread 0x00000289f16a0850 DEOPT PACKING pc=0x000002899dd084e8 sp=0x000000c8cc9fd0e0
Event: 251.608 Thread 0x00000289f16a0850 DEOPT UNPACKING pc=0x000002899cf76da2 sp=0x000000c8cc9fcf90 mode 2
Event: 419.857 Thread 0x00000289efdb0ab0 Uncommon trap: trap_request=0xffffff45 fr.pc=0x000002899db77e90 relative=0x0000000000004cf0
Event: 419.857 Thread 0x00000289efdb0ab0 Uncommon trap: reason=unstable_if action=reinterpret pc=0x000002899db77e90 method=org.eclipse.m2e.core.internal.project.registry.ProjectRegistryReader$2.replaceObject(Ljava/lang/Object;)Ljava/lang/Object; @ 25 c2
Event: 419.857 Thread 0x00000289efdb0ab0 DEOPT PACKING pc=0x000002899db77e90 sp=0x000000c8cbefe9d0
Event: 419.857 Thread 0x00000289efdb0ab0 DEOPT UNPACKING pc=0x000002899cf76da2 sp=0x000000c8cbefe968 mode 2

Classes loaded (20 events):
Event: 116.333 Loading class java/util/CollSer
Event: 116.333 Loading class java/util/CollSer done
Event: 123.276 Loading class java/util/stream/ReduceOps$4
Event: 123.276 Loading class java/util/stream/ReduceOps$4 done
Event: 123.277 Loading class java/util/stream/ReduceOps$4ReducingSink
Event: 123.277 Loading class java/util/stream/ReduceOps$4ReducingSink done
Event: 123.338 Loading class java/nio/file/Files$2
Event: 123.338 Loading class java/nio/file/Files$2 done
Event: 124.636 Loading class jdk/internal/module/IllegalAccessLogger
Event: 124.636 Loading class jdk/internal/module/IllegalAccessLogger done
Event: 124.742 Loading class java/util/concurrent/ArrayBlockingQueue
Event: 124.745 Loading class java/util/concurrent/ArrayBlockingQueue done
Event: 126.138 Loading class java/util/Hashtable$ValueCollection
Event: 126.138 Loading class java/util/Hashtable$ValueCollection done
Event: 126.171 Loading class java/util/concurrent/ConcurrentHashMap$KeySpliterator
Event: 126.178 Loading class java/util/concurrent/ConcurrentHashMap$KeySpliterator done
Event: 127.449 Loading class jdk/internal/module/IllegalAccessLogger
Event: 127.449 Loading class jdk/internal/module/IllegalAccessLogger done
Event: 136.063 Loading class java/nio/file/attribute/PosixFileAttributes
Event: 136.064 Loading class java/nio/file/attribute/PosixFileAttributes done

Classes unloaded (9 events):
Event: 36.294 Thread 0x00000289a91df670 Unloading class 0x00000289ab1a8c00 'java/lang/invoke/LambdaForm$MH+0x00000289ab1a8c00'
Event: 36.294 Thread 0x00000289a91df670 Unloading class 0x00000289ab1a8800 'java/lang/invoke/LambdaForm$MH+0x00000289ab1a8800'
Event: 36.294 Thread 0x00000289a91df670 Unloading class 0x00000289ab1a8400 'java/lang/invoke/LambdaForm$MH+0x00000289ab1a8400'
Event: 36.294 Thread 0x00000289a91df670 Unloading class 0x00000289ab1a8000 'java/lang/invoke/LambdaForm$MH+0x00000289ab1a8000'
Event: 36.294 Thread 0x00000289a91df670 Unloading class 0x00000289ab1a7c00 'java/lang/invoke/LambdaForm$BMH+0x00000289ab1a7c00'
Event: 36.295 Thread 0x00000289a91df670 Unloading class 0x00000289ab1a7800 'java/lang/invoke/LambdaForm$DMH+0x00000289ab1a7800'
Event: 36.295 Thread 0x00000289a91df670 Unloading class 0x00000289ab1a6400 'java/lang/invoke/LambdaForm$DMH+0x00000289ab1a6400'
Event: 92.971 Thread 0x00000289a91df670 Unloading class 0x00000289ab67cc00 'java/lang/invoke/LambdaForm$DMH+0x00000289ab67cc00'
Event: 92.971 Thread 0x00000289a91df670 Unloading class 0x00000289ab67c400 'java/lang/invoke/LambdaForm$DMH+0x00000289ab67c400'

Classes redefined (0 events):
No events

Internal exceptions (20 events):
Event: 238.848 Thread 0x00000289efdb0420 Exception <a 'sun/nio/fs/WindowsException'{0x00000000d56645d8}> (0x00000000d56645d8) 
thrown [s\src\hotspot\share\prims\jni.cpp, line 520]
Event: 238.848 Thread 0x00000289efdb0420 Exception <a 'sun/nio/fs/WindowsException'{0x00000000d5665070}> (0x00000000d5665070) 
thrown [s\src\hotspot\share\prims\jni.cpp, line 520]
Event: 238.938 Thread 0x00000289efdb0ab0 Exception <a 'java/lang/NoSuchMethodError'{0x00000000d56c5878}: 'long java.lang.invoke.DirectMethodHandle$Holder.invokeSpecial(java.lang.Object, java.lang.Object, long, java.lang.Object, java.lang.Object, java.lang.Object, int, int)'> (0x00000000d56c5878) 
thrown [s\src\hotspot\share\interpreter\linkResolver.cpp, line 773]
Event: 238.940 Thread 0x00000289f0be8790 Exception <a 'sun/nio/fs/WindowsException'{0x00000000d56afb78}> (0x00000000d56afb78) 
thrown [s\src\hotspot\share\prims\jni.cpp, line 520]
Event: 238.940 Thread 0x00000289f0be8790 Exception <a 'sun/nio/fs/WindowsException'{0x00000000d56d7b68}> (0x00000000d56d7b68) 
thrown [s\src\hotspot\share\prims\jni.cpp, line 520]
Event: 238.947 Thread 0x00000289f0be8790 Exception <a 'sun/nio/fs/WindowsException'{0x00000000d56dda78}> (0x00000000d56dda78) 
thrown [s\src\hotspot\share\prims\jni.cpp, line 520]
Event: 238.947 Thread 0x00000289f0be8790 Exception <a 'sun/nio/fs/WindowsException'{0x00000000d56de580}> (0x00000000d56de580) 
thrown [s\src\hotspot\share\prims\jni.cpp, line 520]
Event: 238.956 Thread 0x00000289f0be8790 Exception <a 'sun/nio/fs/WindowsException'{0x00000000d56eddd0}> (0x00000000d56eddd0) 
thrown [s\src\hotspot\share\prims\jni.cpp, line 520]
Event: 238.957 Thread 0x00000289f0be8790 Exception <a 'sun/nio/fs/WindowsException'{0x00000000d56eeb28}> (0x00000000d56eeb28) 
thrown [s\src\hotspot\share\prims\jni.cpp, line 520]
Event: 238.960 Thread 0x00000289efdb0420 Exception <a 'java/lang/NoSuchMethodError'{0x00000000d56e0190}: 'long java.lang.invoke.DirectMethodHandle$Holder.invokeSpecial(java.lang.Object, java.lang.Object, long, int, int)'> (0x00000000d56e0190) 
thrown [s\src\hotspot\share\interpreter\linkResolver.cpp, line 773]
Event: 238.988 Thread 0x00000289efdb0420 Exception <a 'java/lang/NoSuchMethodError'{0x00000000d55957a8}: 'java.lang.Object java.lang.invoke.Invokers$Holder.linkToTargetMethod(java.lang.Object, java.lang.Object, int, int, java.lang.Object)'> (0x00000000d55957a8) 
thrown [s\src\hotspot\share\interpreter\linkResolver.cpp, line 773]
Event: 238.994 Thread 0x00000289efdb0ab0 Exception <a 'java/lang/NoSuchMethodError'{0x00000000d558ed98}: 'java.lang.Object java.lang.invoke.Invokers$Holder.linkToTargetMethod(java.lang.Object, java.lang.Object, int, int, java.lang.Object)'> (0x00000000d558ed98) 
thrown [s\src\hotspot\share\interpreter\linkResolver.cpp, line 773]
Event: 239.025 Thread 0x00000289efdb0ab0 Exception <a 'java/lang/NoSuchMethodError'{0x00000000d55a7a20}: method resolution failed> (0x00000000d55a7a20) 
thrown [s\src\hotspot\share\prims\methodHandles.cpp, line 1136]
Event: 239.025 Thread 0x00000289efdb0420 Exception <a 'java/lang/NoSuchMethodError'{0x00000000d55a70d0}: method resolution failed> (0x00000000d55a70d0) 
thrown [s\src\hotspot\share\prims\methodHandles.cpp, line 1136]
Event: 239.448 Thread 0x00000289f0be8790 Exception <a 'sun/nio/fs/WindowsException'{0x00000000d559b230}> (0x00000000d559b230) 
thrown [s\src\hotspot\share\prims\jni.cpp, line 520]
Event: 239.448 Thread 0x00000289f0be8790 Exception <a 'sun/nio/fs/WindowsException'{0x00000000d559bfc0}> (0x00000000d559bfc0) 
thrown [s\src\hotspot\share\prims\jni.cpp, line 520]
Event: 249.425 Thread 0x00000289f16a0850 Exception <a 'java/lang/IncompatibleClassChangeError'{0x00000000d5682f70}: Found class java.lang.Object, but interface was expected> (0x00000000d5682f70) 
thrown [s\src\hotspot\share\interpreter\linkResolver.cpp, line 840]
Event: 251.291 Thread 0x00000289f16a0850 Implicit null exception at 0x000002899dcb35af to 0x000002899dcb4df0
Event: 419.827 Thread 0x00000289efdb0ab0 Exception <a 'sun/nio/fs/WindowsException'{0x00000000d56b6e38}> (0x00000000d56b6e38) 
thrown [s\src\hotspot\share\prims\jni.cpp, line 520]
Event: 419.828 Thread 0x00000289efdb0ab0 Exception <a 'sun/nio/fs/WindowsException'{0x00000000d56b7ea0}> (0x00000000d56b7ea0) 
thrown [s\src\hotspot\share\prims\jni.cpp, line 520]

ZGC Phase Switch (0 events):
No events

VM Operations (20 events):
Event: 335.100 Executing safepoint VM operation: Cleanup
Event: 335.100 Executing safepoint VM operation: Cleanup done
Event: 361.099 Executing non-safepoint VM operation: HandshakeAllThreads (HandshakeForDeflation)
Event: 361.099 Executing non-safepoint VM operation: HandshakeAllThreads (HandshakeForDeflation) done
Event: 361.099 Executing non-safepoint VM operation: RendezvousGCThreads
Event: 361.099 Executing non-safepoint VM operation: RendezvousGCThreads done
Event: 419.924 Executing safepoint VM operation: ParallelGCFailedAllocation (Allocation Failure)
Event: 419.930 Executing safepoint VM operation: ParallelGCFailedAllocation (Allocation Failure) done
Event: 419.937 Executing non-safepoint VM operation: HandshakeAllThreads (Deoptimize)
Event: 419.937 Executing non-safepoint VM operation: HandshakeAllThreads (Deoptimize) done
Event: 420.950 Executing safepoint VM operation: Cleanup
Event: 420.950 Executing safepoint VM operation: Cleanup done
Event: 421.321 Executing non-safepoint VM operation: HandshakeAllThreads (HandshakeForDeflation)
Event: 421.321 Executing non-safepoint VM operation: HandshakeAllThreads (HandshakeForDeflation) done
Event: 421.321 Executing non-safepoint VM operation: RendezvousGCThreads
Event: 421.321 Executing non-safepoint VM operation: RendezvousGCThreads done
Event: 601.893 Executing non-safepoint VM operation: HandshakeAllThreads (HandshakeForDeflation)
Event: 601.893 Executing non-safepoint VM operation: HandshakeAllThreads (HandshakeForDeflation) done
Event: 601.894 Executing non-safepoint VM operation: RendezvousGCThreads
Event: 601.894 Executing non-safepoint VM operation: RendezvousGCThreads done

Memory protections (0 events):
No events

Nmethod flushes (20 events):
Event: 93.007 Thread 0x00000289a91df670 flushing  nmethod 0x00000289962e1b10
Event: 93.007 Thread 0x00000289a91df670 flushing  nmethod 0x00000289962ebf90
Event: 93.007 Thread 0x00000289a91df670 flushing  nmethod 0x0000028996304390
Event: 93.007 Thread 0x00000289a91df670 flushing  nmethod 0x0000028996305390
Event: 93.007 Thread 0x00000289a91df670 flushing  nmethod 0x0000028996306990
Event: 93.007 Thread 0x00000289a91df670 flushing  nmethod 0x0000028996307e10
Event: 93.007 Thread 0x00000289a91df670 flushing  nmethod 0x0000028996308210
Event: 93.007 Thread 0x00000289a91df670 flushing  nmethod 0x0000028996308690
Event: 93.007 Thread 0x00000289a91df670 flushing  nmethod 0x000002899630f010
Event: 93.007 Thread 0x00000289a91df670 flushing  nmethod 0x000002899630f590
Event: 93.007 Thread 0x00000289a91df670 flushing  nmethod 0x000002899630fb90
Event: 93.007 Thread 0x00000289a91df670 flushing  nmethod 0x0000028996310310
Event: 93.007 Thread 0x00000289a91df670 flushing  nmethod 0x0000028996310710
Event: 93.007 Thread 0x00000289a91df670 flushing  nmethod 0x0000028996311190
Event: 93.007 Thread 0x00000289a91df670 flushing  nmethod 0x0000028996344b90
Event: 93.007 Thread 0x00000289a91df670 flushing osr nmethod 0x0000028996346990
Event: 93.007 Thread 0x00000289a91df670 flushing  nmethod 0x0000028996367e90
Event: 93.007 Thread 0x00000289a91df670 flushing  nmethod 0x0000028996379090
Event: 93.007 Thread 0x00000289a91df670 flushing  nmethod 0x0000028996379490
Event: 93.007 Thread 0x00000289a91df670 flushing  nmethod 0x000002899637cd10

Events (20 events):
Event: 247.092 Thread 0x00000289f16a1570 Thread exited: 0x00000289f16a1570
Event: 304.183 Thread 0x00000289efdaf070 Thread exited: 0x00000289efdaf070
Event: 304.367 Thread 0x00000289f169cd40 Thread exited: 0x00000289f169cd40
Event: 306.475 Thread 0x00000289f169e780 Thread exited: 0x00000289f169e780
Event: 306.475 Thread 0x00000289efdb0420 Thread exited: 0x00000289efdb0420
Event: 306.478 Thread 0x00000289efdae9e0 Thread exited: 0x00000289efdae9e0
Event: 306.865 Thread 0x00000289f16a01c0 Thread exited: 0x00000289f16a01c0
Event: 311.640 Thread 0x00000289f16a0850 Thread exited: 0x00000289f16a0850
Event: 366.874 Thread 0x00000289f16a0ee0 Thread exited: 0x00000289f16a0ee0
Event: 371.653 Thread 0x00000289f0be8790 Thread exited: 0x00000289f0be8790
Event: 419.819 Thread 0x00000289efdb0ab0 Thread added: 0x00000289f0be8790
Event: 419.820 Thread 0x00000289f0be8790 Thread exited: 0x00000289f0be8790
Event: 419.834 Thread 0x00000289efdb0ab0 Thread added: 0x00000289f0be94b0
Event: 419.834 Thread 0x00000289f0be94b0 Thread exited: 0x00000289f0be94b0
Event: 426.804 Thread 0x00000289f169e0f0 Thread exited: 0x00000289f169e0f0
Event: 426.804 Thread 0x00000289f0bea1d0 Thread exited: 0x00000289f0bea1d0
Event: 427.613 Thread 0x00000289efdafd90 Thread exited: 0x00000289efdafd90
Event: 427.798 Thread 0x00000289f0bea860 Thread exited: 0x00000289f0bea860
Event: 431.654 Thread 0x00000289f169ee10 Thread exited: 0x00000289f169ee10
Event: 548.296 Thread 0x00000289f0beb580 Thread exited: 0x00000289f0beb580


Dynamic libraries:
0x00007ff612b10000 - 0x00007ff612b1e000 	c:\Users\manue\.vscode\extensions\redhat.java-1.55.0-win32-x64\jre\21.0.11-win32-x86_64\bin\java.exe
0x00007ff96f420000 - 0x00007ff96f686000 	C:\WINDOWS\SYSTEM32\ntdll.dll
0x00007ff96d830000 - 0x00007ff96d8f9000 	C:\WINDOWS\System32\KERNEL32.DLL
0x00007ff96cd40000 - 0x00007ff96d13f000 	C:\WINDOWS\System32\KERNELBASE.dll
0x00007ff96c630000 - 0x00007ff96c77c000 	C:\WINDOWS\System32\ucrtbase.dll
0x00007ff934470000 - 0x00007ff934488000 	c:\Users\manue\.vscode\extensions\redhat.java-1.55.0-win32-x64\jre\21.0.11-win32-x86_64\bin\jli.dll
0x00007ff90a500000 - 0x00007ff90a51e000 	c:\Users\manue\.vscode\extensions\redhat.java-1.55.0-win32-x64\jre\21.0.11-win32-x86_64\bin\VCRUNTIME140.dll
0x00007ff96e9e0000 - 0x00007ff96eba6000 	C:\WINDOWS\System32\USER32.dll
0x00007ff96c850000 - 0x00007ff96c877000 	C:\WINDOWS\System32\win32u.dll
0x00007ff959b50000 - 0x00007ff959de1000 	C:\WINDOWS\WinSxS\amd64_microsoft.windows.common-controls_6595b64144ccf1df_6.0.26100.8972_none_3e0da176e32f9d4b\COMCTL32.dll
0x00007ff96d150000 - 0x00007ff96d17b000 	C:\WINDOWS\System32\GDI32.dll
0x00007ff96ef90000 - 0x00007ff96f039000 	C:\WINDOWS\System32\msvcrt.dll
0x00007ff96c940000 - 0x00007ff96ca69000 	C:\WINDOWS\System32\gdi32full.dll
0x00007ff96cb00000 - 0x00007ff96cba3000 	C:\WINDOWS\System32\msvcp_win.dll
0x00007ff96d760000 - 0x00007ff96d792000 	C:\WINDOWS\System32\IMM32.DLL
0x00007ff95d220000 - 0x00007ff95d22c000 	c:\Users\manue\.vscode\extensions\redhat.java-1.55.0-win32-x64\jre\21.0.11-win32-x86_64\bin\vcruntime140_1.dll
0x00007ff8d2ff0000 - 0x00007ff8d307d000 	c:\Users\manue\.vscode\extensions\redhat.java-1.55.0-win32-x64\jre\21.0.11-win32-x86_64\bin\msvcp140.dll
0x00007ff8a7510000 - 0x00007ff8a82b2000 	c:\Users\manue\.vscode\extensions\redhat.java-1.55.0-win32-x64\jre\21.0.11-win32-x86_64\bin\server\jvm.dll
0x00007ff96d650000 - 0x00007ff96d70c000 	C:\WINDOWS\System32\ADVAPI32.dll
0x00007ff96de20000 - 0x00007ff96deca000 	C:\WINDOWS\System32\sechost.dll
0x00007ff96d1a0000 - 0x00007ff96d2b8000 	C:\WINDOWS\System32\RPCRT4.dll
0x00007ff96d7a0000 - 0x00007ff96d822000 	C:\WINDOWS\System32\WS2_32.dll
0x00007ff96c4b0000 - 0x00007ff96c50e000 	C:\WINDOWS\SYSTEM32\POWRPROF.dll
0x00007ff9667c0000 - 0x00007ff9667f6000 	C:\WINDOWS\SYSTEM32\WINMM.dll
0x00007ff964570000 - 0x00007ff96457b000 	C:\WINDOWS\SYSTEM32\VERSION.dll
0x00007ff96c490000 - 0x00007ff96c4a5000 	C:\WINDOWS\SYSTEM32\UMPDC.dll
0x00007ff96b2f0000 - 0x00007ff96b30b000 	C:\WINDOWS\SYSTEM32\kernel.appcore.dll
0x00007ff95cf70000 - 0x00007ff95cf7a000 	c:\Users\manue\.vscode\extensions\redhat.java-1.55.0-win32-x64\jre\21.0.11-win32-x86_64\bin\jimage.dll
0x00007ff969c90000 - 0x00007ff969ed2000 	C:\WINDOWS\SYSTEM32\DBGHELP.DLL
0x00007ff96d2c0000 - 0x00007ff96d645000 	C:\WINDOWS\System32\combase.dll
0x00007ff96e8f0000 - 0x00007ff96e9c9000 	C:\WINDOWS\System32\OLEAUT32.dll
0x00007ff94dc20000 - 0x00007ff94dc5b000 	C:\WINDOWS\SYSTEM32\dbgcore.DLL
0x00007ff96c790000 - 0x00007ff96c83c000 	C:\WINDOWS\System32\bcryptPrimitives.dll
0x00007ff95a6d0000 - 0x00007ff95a6df000 	c:\Users\manue\.vscode\extensions\redhat.java-1.55.0-win32-x64\jre\21.0.11-win32-x86_64\bin\instrument.dll
0x00007ff9014b0000 - 0x00007ff9014d0000 	c:\Users\manue\.vscode\extensions\redhat.java-1.55.0-win32-x64\jre\21.0.11-win32-x86_64\bin\java.dll
0x00007ff96ded0000 - 0x00007ff96e658000 	C:\WINDOWS\System32\SHELL32.dll
0x00007ff96a0c0000 - 0x00007ff96a95b000 	C:\WINDOWS\SYSTEM32\windows.storage.dll
0x00007ff96f0c0000 - 0x00007ff96f1b9000 	C:\WINDOWS\System32\SHCORE.dll
0x00007ff96f050000 - 0x00007ff96f0b6000 	C:\WINDOWS\System32\shlwapi.dll
0x00007ff96c550000 - 0x00007ff96c579000 	C:\WINDOWS\SYSTEM32\profapi.dll
0x00007ff8fd7c0000 - 0x00007ff8fd7d8000 	c:\Users\manue\.vscode\extensions\redhat.java-1.55.0-win32-x64\jre\21.0.11-win32-x86_64\bin\zip.dll
0x00007ff94dd80000 - 0x00007ff94dd90000 	C:\Users\manue\.vscode\extensions\redhat.java-1.55.0-win32-x64\jre\21.0.11-win32-x86_64\bin\net.dll
0x00007ff9603e0000 - 0x00007ff960508000 	C:\WINDOWS\SYSTEM32\WINHTTP.dll
0x00007ff96b8d0000 - 0x00007ff96b93c000 	C:\WINDOWS\system32\mswsock.dll
0x00007ff8f75c0000 - 0x00007ff8f75d6000 	C:\Users\manue\.vscode\extensions\redhat.java-1.55.0-win32-x64\jre\21.0.11-win32-x86_64\bin\nio.dll
0x00007ff94d8a0000 - 0x00007ff94d8b0000 	c:\Users\manue\.vscode\extensions\redhat.java-1.55.0-win32-x64\jre\21.0.11-win32-x86_64\bin\verify.dll
0x00007ff8edd20000 - 0x00007ff8edd65000 	C:\Users\manue\AppData\Roaming\Code\User\globalStorage\redhat.java\1.55.0\config_win\org.eclipse.equinox.launcher\org.eclipse.equinox.launcher.win32.win32.x86_64_1.3.100.v20260613-0559\eclipse_11924.dll
0x00007ff96f240000 - 0x00007ff96f3d9000 	C:\WINDOWS\System32\ole32.dll
0x00007ff94cd10000 - 0x00007ff94cd1a000 	C:\Users\manue\.vscode\extensions\redhat.java-1.55.0-win32-x64\jre\21.0.11-win32-x86_64\bin\management.dll
0x00007ff94abb0000 - 0x00007ff94abbc000 	C:\Users\manue\.vscode\extensions\redhat.java-1.55.0-win32-x64\jre\21.0.11-win32-x86_64\bin\management_ext.dll
0x00007ff96e9d0000 - 0x00007ff96e9d8000 	C:\WINDOWS\System32\PSAPI.DLL
0x00007ff96bbc0000 - 0x00007ff96bbdb000 	C:\WINDOWS\SYSTEM32\CRYPTSP.dll
0x00007ff96b250000 - 0x00007ff96b289000 	C:\WINDOWS\system32\rsaenh.dll
0x00007ff96b980000 - 0x00007ff96b9b2000 	C:\WINDOWS\SYSTEM32\USERENV.dll
0x00007ff96c520000 - 0x00007ff96c54a000 	C:\WINDOWS\SYSTEM32\bcrypt.dll
0x00007ff96bbe0000 - 0x00007ff96bbec000 	C:\WINDOWS\SYSTEM32\CRYPTBASE.dll
0x00007ff96ac90000 - 0x00007ff96acc3000 	C:\WINDOWS\SYSTEM32\IPHLPAPI.DLL
0x00007ff96d720000 - 0x00007ff96d72a000 	C:\WINDOWS\System32\NSI.dll
0x00007ff906390000 - 0x00007ff9063d9000 	C:\Users\manue\AppData\Local\Temp\jna-103662954\jna15146111180219057563.dll
0x00007ff9603b0000 - 0x00007ff9603cd000 	C:\WINDOWS\SYSTEM32\dhcpcsvc6.DLL
0x00007ff960380000 - 0x00007ff9603a5000 	C:\WINDOWS\SYSTEM32\dhcpcsvc.DLL
0x00007ff9664a0000 - 0x00007ff9664ae000 	C:\Users\manue\.vscode\extensions\redhat.java-1.55.0-win32-x64\jre\21.0.11-win32-x86_64\bin\sunmscapi.dll
0x00007ff96cbb0000 - 0x00007ff96cd2e000 	C:\WINDOWS\System32\CRYPT32.dll
0x00007ff96be00000 - 0x00007ff96be30000 	C:\WINDOWS\SYSTEM32\ncrypt.dll
0x00007ff96bdb0000 - 0x00007ff96bdef000 	C:\WINDOWS\SYSTEM32\NTASN1.dll
0x00007ff96ad80000 - 0x00007ff96aed8000 	C:\WINDOWS\SYSTEM32\DNSAPI.dll
0x00007ff96b640000 - 0x00007ff96b64d000 	C:\WINDOWS\SYSTEM32\DSPARSE.dll
0x00007ff957790000 - 0x00007ff95779b000 	C:\Windows\System32\rasadhlp.dll
0x00007ff95f3c0000 - 0x00007ff95f446000 	C:\WINDOWS\System32\fwpuclnt.dll
0x00007ff964170000 - 0x00007ff964179000 	C:\Users\manue\.vscode\extensions\redhat.java-1.55.0-win32-x64\jre\21.0.11-win32-x86_64\bin\extnet.dll

JVMTI agents:
c:\Users\manue\.vscode\extensions\redhat.java-1.55.0-win32-x64\lombok\lombok-1.18.39-4050.jar path:c:\Users\manue\.vscode\extensions\redhat.java-1.55.0-win32-x64\jre\21.0.11-win32-x86_64\bin\instrument.dll, loaded, initialized, instrumentlib options:none

dbghelp: loaded successfully - version: 4.0.5 - missing functions: none
symbol engine: initialized successfully - sym options: 0x614 - pdb path: .;c:\Users\manue\.vscode\extensions\redhat.java-1.55.0-win32-x64\jre\21.0.11-win32-x86_64\bin;C:\WINDOWS\SYSTEM32;C:\WINDOWS\WinSxS\amd64_microsoft.windows.common-controls_6595b64144ccf1df_6.0.26100.8972_none_3e0da176e32f9d4b;c:\Users\manue\.vscode\extensions\redhat.java-1.55.0-win32-x64\jre\21.0.11-win32-x86_64\bin\server;C:\Users\manue\AppData\Roaming\Code\User\globalStorage\redhat.java\1.55.0\config_win\org.eclipse.equinox.launcher\org.eclipse.equinox.launcher.win32.win32.x86_64_1.3.100.v20260613-0559;C:\Users\manue\AppData\Local\Temp\jna-103662954

VM Arguments:
jvm_args: --add-modules=ALL-SYSTEM --add-opens=java.base/java.util=ALL-UNNAMED --add-opens=java.base/java.lang=ALL-UNNAMED --add-opens=java.base/sun.nio.fs=ALL-UNNAMED -Declipse.application=org.eclipse.jdt.ls.core.id1 -Dosgi.bundles.defaultStartLevel=4 -Declipse.product=org.eclipse.jdt.ls.core.product -Djava.import.generatesMetadataFilesAtProjectRoot=false -DDetectVMInstallationsJob.disabled=true -Dfile.encoding=utf8 -XX:+UseParallelGC -XX:GCTimeRatio=4 -XX:AdaptiveSizePolicyWeight=90 -Dsun.zip.disableMemoryMapping=true -Xmx2G -Xms100m -Xlog:disable -javaagent:c:\Users\manue\.vscode\extensions\redhat.java-1.55.0-win32-x64\lombok\lombok-1.18.39-4050.jar -XX:+HeapDumpOnOutOfMemoryError -XX:HeapDumpPath=c:\Users\manue\AppData\Roaming\Code\User\workspaceStorage\abe29cd22234d89367f26a5e71d45dfe\redhat.java -Daether.dependencyCollector.impl=bf 
java_command: c:\Users\manue\.vscode\extensions\redhat.java-1.55.0-win32-x64\server\plugins\org.eclipse.equinox.launcher_1.7.200.v20260619-2039.jar -configuration c:\Users\manue\AppData\Roaming\Code\User\globalStorage\redhat.java\1.55.0\config_win -data c:\Users\manue\AppData\Roaming\Code\User\workspaceStorage\abe29cd22234d89367f26a5e71d45dfe\redhat.java\jdt_ws --pipe=\\.\pipe\lsp-2c00f6ae8fb1e9f6c5ba7544f30b24ca-sock
java_class_path (initial): c:\Users\manue\.vscode\extensions\redhat.java-1.55.0-win32-x64\server\plugins\org.eclipse.equinox.launcher_1.7.200.v20260619-2039.jar
Launcher Type: SUN_STANDARD

[Global flags]
    uintx AdaptiveSizePolicyWeight                 = 90                                        {product} {command line}
     intx CICompilerCount                          = 3                                         {product} {ergonomic}
    uintx GCTimeRatio                              = 4                                         {product} {command line}
     bool HeapDumpOnOutOfMemoryError               = true                                   {manageable} {command line}
    ccstr HeapDumpPath                             = c:\Users\manue\AppData\Roaming\Code\User\workspaceStorage\abe29cd22234d89367f26a5e71d45dfe\redhat.java         {manageable} {command line}
   size_t InitialHeapSize                          = 104857600                                 {product} {command line}
   size_t MaxHeapSize                              = 2147483648                                {product} {command line}
   size_t MaxNewSize                               = 715653120                                 {product} {ergonomic}
   size_t MinHeapDeltaBytes                        = 524288                                    {product} {ergonomic}
   size_t MinHeapSize                              = 104857600                                 {product} {command line}
   size_t NewSize                                  = 34603008                                  {product} {ergonomic}
    uintx NonNMethodCodeHeapSize                   = 5832780                                {pd product} {ergonomic}
    uintx NonProfiledCodeHeapSize                  = 122912730                              {pd product} {ergonomic}
   size_t OldSize                                  = 70254592                                  {product} {ergonomic}
    uintx ProfiledCodeHeapSize                     = 122912730                              {pd product} {ergonomic}
    uintx ReservedCodeCacheSize                    = 251658240                              {pd product} {ergonomic}
     bool SegmentedCodeCache                       = true                                      {product} {ergonomic}
   size_t SoftMaxHeapSize                          = 2147483648                             {manageable} {ergonomic}
     bool UseCompressedOops                        = true                           {product lp64_product} {ergonomic}
     bool UseLargePagesIndividualAllocation        = false                                  {pd product} {ergonomic}
     bool UseParallelGC                            = true                                      {product} {command line}

Logging:
Log output configuration:
 #0: stdout all=off uptime,level,tags foldmultilines=false
 #1: stderr all=off uptime,level,tags foldmultilines=false

Release file:
JAVA_VERSION="21.0.11" 
MODULES="java.base java.compiler java.datatransfer java.xml java.prefs java.desktop java.instrument java.logging java.management java.security.sasl java.naming java.rmi java.management.rmi java.net.http java.scripting java.security.jgss java.transaction.xa java.sql java.sql.rowset java.xml.crypto java.se java.smartcardio jdk.accessibility jdk.internal.jvmstat jdk.attach jdk.charsets jdk.internal.opt jdk.zipfs jdk.compiler jdk.crypto.ec jdk.crypto.cryptoki jdk.crypto.mscapi jdk.dynalink jdk.internal.ed jdk.editpad jdk.hotspot.agent jdk.httpserver jdk.internal.le jdk.internal.vm.ci jdk.internal.vm.compiler jdk.internal.vm.compiler.management jdk.jartool jdk.javadoc jdk.jcmd jdk.management jdk.management.agent jdk.jconsole jdk.jdeps jdk.jdwp.agent jdk.jdi jdk.jfr jdk.jshell jdk.jsobject jdk.jstatd jdk.localedata jdk.management.jfr jdk.naming.dns jdk.naming.rmi jdk.net jdk.nio.mapmode jdk.random jdk.sctp jdk.security.auth jdk.security.jgss jdk.unsupported jdk.unsupported.desktop jdk.xml.dom" 

Environment Variables:
PATH=C:\Program Files\Common Files\Oracle\Java\javapath;C:\WINDOWS\system32;C:\WINDOWS;C:\WINDOWS\System32\Wbem;C:\WINDOWS\System32\WindowsPowerShell\v1.0\;C:\WINDOWS\System32\OpenSSH\;C:\Program Files\Git\cmd;C:\Program Files (x86)\Microsoft SQL Server\160\Tools\Binn\;C:\Program Files\Microsoft SQL Server\160\Tools\Binn\;C:\Program Files\Microsoft SQL Server\Client SDK\ODBC\170\Tools\Binn\;C:\Program Files\Microsoft SQL Server\160\DTS\Binn\;C:\Program Files\Docker\Docker\resources\bin;C:\Program Files\nodejs\;C:\Users\manue\AppData\Local\Microsoft\WindowsApps;C:\Users\manue\AppData\Local\GitHubDesktop\bin;C:\ProgramData\manue\GitHubDesktop\bin;C:\Users\manue\AppData\Local\Programs\Microsoft VS Code\bin;C:\Users\manue\AppData\Roaming\npm;C:\Users\manue\AppData\Local\Programs\Antigravity IDE\bin
USERNAME=manue
OS=Windows_NT
PROCESSOR_IDENTIFIER=Intel64 Family 6 Model 126 Stepping 5, GenuineIntel
TMP=C:\Users\manue\AppData\Local\Temp
TEMP=C:\Users\manue\AppData\Local\Temp




Periodic native trim disabled

---------------  S Y S T E M  ---------------

OS:
 Windows 11 , 64 bit Build 26100 (10.0.26100.9168)
OS uptime: 15 days 12:48 hours
Hyper-V role detected

CPU: total 4 (initial active 4) (2 cores per cpu, 2 threads per core) family 6 model 126 stepping 5 microcode 0x86, cx8, cmov, fxsr, ht, mmx, 3dnowpref, sse, sse2, sse3, ssse3, sse4.1, sse4.2, popcnt, lzcnt, tsc, tscinvbit, avx, avx2, aes, erms, clmul, bmi1, bmi2, adx, avx512f, avx512dq, avx512cd, avx512bw, avx512vl, sha, fma, vzeroupper, avx512_vpopcntdq, avx512_vpclmulqdq, avx512_vaes, avx512_vnni, clflush, clflushopt, avx512_vbmi2, avx512_vbmi, hv, rdtscp, rdpid, fsrm, gfni, avx512_bitalg, f16c, avx512_ifma
Processor Information for the first 4 processors :
  Max Mhz: 1190, Current Mhz: 1190, Mhz Limit: 1190

Memory: 4k page, system-wide physical 7969M (275M free)
TotalPageFile size 12786M (AvailPageFile size 6M)
current process WorkingSet (physical memory assigned to process): 257M, peak: 969M
current process commit charge ("private bytes"): 1147M, peak: 1149M

vm_info: OpenJDK 64-Bit Server VM (21.0.11+10-LTS) for windows-amd64 JRE (21.0.11+10-LTS), built on 2026-04-21T00:00:00Z by "admin" with MS VC++ 17.12 (VS2022)

END.
